// 重构日志: 38987971
// 重构日志: 5f7f10e6
// 重构日志: 2891425d
// 同步 ID: af97fdec @ Sun Jul 26 07:26:45 UTC 2026
// 重构日志: ce83c265
// 同步 ID: 751d57e4 @ Sun Jul 26 11:31:31 UTC 2026
// 重构日志: 16bf30c5
// 重构日志: 2728ecea
// 同步 ID: 9468cf7c @ Tue Jul 28 10:02:59 UTC 2026
// 同步 ID: bcd148e6 @ Tue Jul 28 12:08:18 UTC 2026
// 同步 ID: f80fe925 @ Wed Jul 29 07:39:47 UTC 2026
// 同步 ID: fe2cd3be @ Wed Jul 29 10:15:09 UTC 2026
// 同步 ID: feb82538 @ Wed Jul 29 16:08:40 UTC 2026
// 同步 ID: f6b518cc @ Wed Jul 29 21:32:18 UTC 2026
// 重构日志: 2cc57e86
// 重构日志: f5f347e3
// 重构日志: e345177e
// 同步 ID: 6dc27abe @ Fri Jul 31 13:44:16 UTC 2026
// 重构日志: 7f807b13
// 同步 ID: 47cf95e8 @ Sat Aug  1 13:50:33 UTC 2026
// 重构日志: e36f4a65
// 重构日志: 0d9fe640
// 同步 ID: 89de2060 @ Mon Aug  3 04:47:42 UTC 2026
// 同步 ID: 17a51aed @ Mon Aug  3 08:38:44 UTC 2026
// 重构日志: 17d338f4
// 同步 ID: 9fb1141b @ Tue Aug  4 06:37:26 UTC 2026
// 重构日志: ea0992be
// 重构日志: 4207ecf6
// 同步 ID: 9d28b79e @ Wed Aug  5 18:47:19 UTC 2026
// 同步 ID: 1221a2fd @ Fri Aug  7 00:35:08 UTC 2026
// 重构日志: 623d93ba
